
> medchain@0.1.0 build
> craco build

Creating an optimized production build...
Failed to compile.

Module not found: Error: Can't resolve '@farcaster/miniapp-sdk' in 'D:\Projects\MedChain\node_modules\@farcaster\mini-app-solana\dist'


